error[T003]: unexpected character in source

  char-literal.px:2:9
  2 | var c = 'a'
    |         ^ unexpected character in source

error[P001]: expected an expression

  char-literal.px:2:9
  2 | var c = 'a'
    |         ^ expected an expression

error[P002]: expected `;` or a line break between statements

  char-literal.px:2:10
  2 | var c = 'a'
    |          ^ expected `;` or a line break between statements

error[N001]: `a` is not defined

  char-literal.px:2:10
  2 | var c = 'a'
    |          ^ `a` is not defined

help: did you mean `c`?
      c

error[T003]: unexpected character in source

  char-literal.px:2:11
  2 | var c = 'a'
    |           ^ unexpected character in source

error[P002]: expected `;` or a line break between statements

  char-literal.px:2:11
  2 | var c = 'a'
    |           ^ expected `;` or a line break between statements

error[P001]: expected an expression

  char-literal.px:2:11
  2 | var c = 'a'
    |           ^ expected an expression

praxis: 7 error(s)