error[Y110]: no method `split` on type `Text` taking 1 argument(s)

  catalog-refusals.px:1:11
  1 | out("a,b".split(","))
    |           ^^^^^ no method `split` on type `Text` taking 1 argument(s)

error[Y001]: expected Int, found Float

  catalog-refusals.px:2:16
  2 | out([1.5, 2.5].sum())
    |                ^^^ expected Int, found Float

error[Y001]: expected (?T, ?U), found Int

  catalog-refusals.px:3:12
  3 | out([1, 2].to_map())
    |            ^^^^^^ expected (?T, ?U), found Int

error[Y001]: expected Text, found Char

  catalog-refusals.px:4:14
  4 | out(["a"[0]].join(""))
    |              ^^^^ expected Text, found Char

error[Y001]: expected Char, found Int

  catalog-refusals.px:5:12
  5 | out([1, 2].to_text())
    |            ^^^^^^^ expected Char, found Int

praxis: 5 error(s)